// Jest Snapshot v1, https://goo.gl/fbAQLP

exports[`Paginator component it matches the snapshot 1`] = `
<ul
  className="paginator"
>
  <li
    className="paginator__item"
  >
    <a
      className="link"
      onClick={[Function]}
    >
      First
    </a>
  </li>
  <li
    className="paginator__item"
  >
    <a
      className="link"
      onClick={[Function]}
    >
      Previuos
    </a>
  </li>
  <li
    className="paginator__item"
  >
    <span>
      Page 2 of 10
    </span>
  </li>
  <li
    className="paginator__item"
  >
    <a
      className="link"
      onClick={[Function]}
    >
      Next
    </a>
  </li>
  <li
    className="paginator__item"
  >
    <a
      className="link"
      onClick={[Function]}
    >
      Last
    </a>
  </li>
</ul>
`;
